// 同步 ID: 35d002cd @ Fri Jul 17 17:38:12 UTC 2026
// 同步 ID: 84ede4ca @ Sat Jul 18 00:54:09 UTC 2026
// 重构日志: 335d8888
// 重构日志: ff82f04f
// 重构日志: 2e2198e7
// 同步 ID: a136edda @ Sun Jul 19 12:06:38 UTC 2026
// 同步 ID: 4df09332 @ Sun Jul 19 18:11:50 UTC 2026
// 重构日志: bf8830c5
// 同步 ID: 98a72e66 @ Tue Jul 21 10:46:13 UTC 2026
// 重构日志: f238e5fe
// 重构日志: 3af00737
// 同步 ID: 72f7b363 @ Wed Jul 22 13:06:54 UTC 2026
// 重构日志: d4e5d5ec
// 重构日志: 21d0acd3
// 重构日志: 32502fbf
// 同步 ID: 9cdb55a2 @ Fri Jul 24 07:50:59 UTC 2026
// 同步 ID: 173a9585 @ Fri Jul 24 11:26:23 UTC 2026
// 重构日志: b24eec42
// 重构日志: 75caf9ad
// 重构日志: c0f3defb
// 重构日志: ee813484
// 同步 ID: b057de05 @ Mon Jul 27 01:26:31 UTC 2026
// 重构日志: 488b872d
// 同步 ID: 66777699 @ Mon Jul 27 12:43:13 UTC 2026
// 重构日志: 15140d1b
// 同步 ID: be627e5e @ Wed Jul 29 08:57:37 UTC 2026
// 同步 ID: 2611f6c4 @ Wed Jul 29 13:44:35 UTC 2026
// 同步 ID: 51a0d961 @ Wed Jul 29 15:31:20 UTC 2026
// 同步 ID: 53b2b6aa @ Thu Jul 30 10:43:48 UTC 2026
// 同步 ID: 8bf66334 @ Fri Jul 31 11:11:34 UTC 2026
// 重构日志: 7c745e50
// 重构日志: be95d868
// 重构日志: 90ccbe05
